
arsen@DESKTOP-0JTTRV8 MINGW64 ~/Desktop/Git/Prueba-VCS
$ git clone https://github.com/Nistorvski/NVL-VCS.git
Cloning into 'NVL-VCS'...
remote: Enumerating objects: 3, done.
remote: Counting objects: 100% (3/3), done.
remote: Total 3 (delta 0), reused 0 (delta 0), pack-reused 0
Unpacking objects: 100% (3/3), done.

arsen@DESKTOP-0JTTRV8 MINGW64 ~/Desktop/Git/Prueba-VCS
$ git status
fatal: not a git repository (or any of the parent directories): .git

arsen@DESKTOP-0JTTRV8 MINGW64 ~/Desktop/Git/Prueba-VCS
$ git status
fatal: not a git repository (or any of the parent directories): .git

arsen@DESKTOP-0JTTRV8 MINGW64 ~/Desktop/Git/Prueba-VCS
$ cd NVL-VCS

arsen@DESKTOP-0JTTRV8 MINGW64 ~/Desktop/Git/Prueba-VCS/NVL-VCS (master)
$ git status
On branch master
Your branch is up to date with 'origin/master'.

Untracked files:
  (use "git add <file>..." to include in what will be committed)
        PruebaVCS.html

nothing added to commit but untracked files present (use "git add" to track)

arsen@DESKTOP-0JTTRV8 MINGW64 ~/Desktop/Git/Prueba-VCS/NVL-VCS (master)
$ git add PruebaVCS.html

arsen@DESKTOP-0JTTRV8 MINGW64 ~/Desktop/Git/Prueba-VCS/NVL-VCS (master)
$ git diff

arsen@DESKTOP-0JTTRV8 MINGW64 ~/Desktop/Git/Prueba-VCS/NVL-VCS (master)
$ git commit -m "C칩digo de la pr치ctica: NVL-VCS-Final"
[master 480864d] C칩digo de la pr치ctica: NVL-VCS-Final
 1 file changed, 13 insertions(+)
 create mode 100644 PruebaVCS.html

arsen@DESKTOP-0JTTRV8 MINGW64 ~/Desktop/Git/Prueba-VCS/NVL-VCS (master)
$ git push
Enumerating objects: 4, done.
Counting objects: 100% (4/4), done.
Delta compression using up to 4 threads
Compressing objects: 100% (3/3), done.
Writing objects: 100% (3/3), 442 bytes | 147.00 KiB/s, done.
Total 3 (delta 0), reused 0 (delta 0)
To https://github.com/Nistorvski/NVL-VCS.git
   90f219b..480864d  master -> master
